\documentclass{article}
\usepackage[encapsulated]{CJK}
\usepackage{ucs}
\usepackage[utf8x]{inputenc}
\begin{document}
\begin{CJK}{UTF8}{cyberbit}
^^e4^^b8^^96^^e7^^95^^8c^^ef^^bc^^8c^^e4^^bd^^a0^^e5^^a5^^bd^^ef^^bc^^81
\end{CJK}
\end{document}
