\par1[ \par2[ \par3{ \par4{} }[\unicodechar{1984}] ] ]{aaa}
