Commented-out:
%
%
Empty:


More empty:


Again commented-out:
%
%
More commented:
%
%
%
%
%






%
%
x


x
