\b1{n1}
\par1{}
\b2{n2}
\b3{n3}
\e3{n3}
\e2{n2}
\e1{n1}
