Плохие символы: \unicodechar{1917}\unicodechar{2004}
