\textcopyright{}~Здравствуй,~\ldots{}! \x{Здравствуй,~\ldots{}!}[Здравствуй,~\ldots{}!]
Check if unicode.map bug fixed: [~][\-]
