z \textless{}\textless{}x\textgreater{}\textgreater{} - -{}- -{}-{}- -{}-{}-{}-{}- z ` `{}` `{}`{}` ' '{}' '{}'{}'{}' !!!{}` !{}` ???{}` ?{}` z
z \textless{}\textless{}x\textgreater{}\textgreater{} - -- --- ----- z ` `` ``` ' '' '''' !!!` !` ???` ?` z
z \textless{}\textless{}x\textgreater{}\textgreater{} - -- --- ----- z ` `` ``` ' '' '''' !!!` !` ???` ?` z
z \textless{}\textless{}x\textgreater{}\textgreater{} - -{}- -{}-{}- -{}-{}-{}-{}- z ` `{}` `{}`{}` ' '{}' '{}'{}'{}' !!!{}` !{}` ???{}` ?{}` z
z \textless{}\textless{}x\textgreater{}\textgreater{} - -{}- -{}-{}- -{}-{}-{}-{}- z ` `{}` `{}`{}` ' '{}' '{}'{}'{}' !!!{}` !{}` ???{}` ?{}` z
