One line.
%
Second line.
%
Third line.
%
%
%
%
%
All previous lines
should belong to one paragraph.
