\_/0189:\_@ABYZ[\_`abyz\{\_\cyrchar\cyrya{}
\000\137\000\057\000\060\000\061\000\070\000\071\000\072\000\137\000\100\000\101\000\102\000\131\000\132\000\133\000\137\000\140\000\141\000\142\000\171\000\172\000\173\000\137\004\117

\_/0189:\_@ABYZ[\_`abyz\{\_\cyrchar\cyrya{}
