\  \  {\it{} it} \ 
\aaaaaaaaaa{} \aaaaaaaaaa{} \aaaaaaaaaa{} \aaaaaaaaaa{} \aaaaaaaaaa{}
\aaaaaaaaaa{}
\aaaaaaaaaa{} \aaaaaaaaaa{} \aaaaaaaaaa{} \aaaaaaaaaa{} \aaaaaaaaaa{} \aaaaaaaaaa{} 
