category 0: [\]
category 1: [{]
category 2: [}]
category 3: [$]
category 4: [&]
category 5: [n/a]
category 6: [#]
category 7: [^]
category 8: [_]
category 9: [n/a]
category a: [n/a]
category b: [n/a]
category c: [n/a]
category d: [~]
category e: [%]
category f: [n/a]
also:       [|]
also:       [<]
also:       [>]
also:       [


]
also:       [
]
also:       [ ]
also:       []
