\documentclass[a4paper]{minimal}
\begin{document}
Eto~\textemdash{} primer.
\end{document}
