\documentclass[a4paper]{article} ....
\begin{document}
Hello, {\it{}World}!
\end{document}
