\section{Milton's { \it{} Paradise Lost } }
\begin{tabular}[t]{r|c|l} ... table goes here ...
\end{tabular}
