TeST  ! TeST  ! TeST  ! TeST  ! TeST  ! TeST  ! TeST  ! TeST  ! TeST  ! TeST  ! TeST  ! TeST  ! TeST  !
TeST  ! TeST  ! TeST  ! TeST  ! TeST  ! TeST  ! TeST  ! TeST  ! TeST  ! TeST  ! TeST  ! TeST  ! TeST  !
TeST  ! TeST  ! TeST  ! TeST  ! TeST  ! TeST  ! TeST  ! TeST  ! TeST  ! TeST  ! TeST  ! TeST  ! TeST  !
TeST  !
